Friday, September 11, 11:14:36, 2020

                    Generalplus u'nSP Linker version 1.14.13.6 (enc)
                    -------------------------------------------

Global Symbol Name                                Global Value     Global Filename
***********************************************************************************************************************************************************************************************************************************************************************************************************
_RESET                                                   8009      "D:\cproject\startupcode\startupD.obj"
__sn_loop                                                8025      "D:\cproject\startupcode\startupD.obj"
__sn_loop2                                               8024      "D:\cproject\startupcode\startupD.obj"
__sn_init_table                                          8000      "Linker internal symbol"
__sn_sp_val                                              7FF       "Linker internal symbol"
_RES_Table                                               0         "C:\Users\»ÆÒ«ìÇ\Desktop\ex5_test2\Debug\Resource.obj"
_encoding_00                                             8026      "C:\Users\»ÆÒ«ìÇ\Desktop\ex5_test2\Debug\Chinese_Table.obj"
_encoding_01                                             8037      "C:\Users\»ÆÒ«ìÇ\Desktop\ex5_test2\Debug\Chinese_Table.obj"
_encoding_02                                             8048      "C:\Users\»ÆÒ«ìÇ\Desktop\ex5_test2\Debug\Chinese_Table.obj"
_encoding_03                                             8059      "C:\Users\»ÆÒ«ìÇ\Desktop\ex5_test2\Debug\Chinese_Table.obj"
_F_LCD_ONOFF                                             80AB      "C:\Users\»ÆÒ«ìÇ\Desktop\ex5_test2\Debug\SPLC501User.obj"
_LCD501_Init                                             80C9      "C:\Users\»ÆÒ«ìÇ\Desktop\ex5_test2\Debug\SPLC501User.obj"
_LCD501_Power                                            817A      "C:\Users\»ÆÒ«ìÇ\Desktop\ex5_test2\Debug\SPLC501User.obj"
_LCD501_SetContrast                                      8213      "C:\Users\»ÆÒ«ìÇ\Desktop\ex5_test2\Debug\SPLC501User.obj"
_LCD501_GetContrast                                      8236      "C:\Users\»ÆÒ«ìÇ\Desktop\ex5_test2\Debug\SPLC501User.obj"
_LCD501_ScrollUp                                         8242      "C:\Users\»ÆÒ«ìÇ\Desktop\ex5_test2\Debug\SPLC501User.obj"
_LCD501_GetScroll                                        826A      "C:\Users\»ÆÒ«ìÇ\Desktop\ex5_test2\Debug\SPLC501User.obj"
_LCD501_ReverseColor                                     8276      "C:\Users\»ÆÒ«ìÇ\Desktop\ex5_test2\Debug\SPLC501User.obj"
_LCD501_ClrScreen                                        829A      "C:\Users\»ÆÒ«ìÇ\Desktop\ex5_test2\Debug\SPLC501User.obj"
_F_LCD_LineRun                                           8302      "C:\Users\»ÆÒ«ìÇ\Desktop\ex5_test2\Debug\SPLC501User.obj"
_LCD501_SetPaintMode                                     831D      "C:\Users\»ÆÒ«ìÇ\Desktop\ex5_test2\Debug\SPLC501User.obj"
_LCD501_GetPaintMode                                     8331      "C:\Users\»ÆÒ«ìÇ\Desktop\ex5_test2\Debug\SPLC501User.obj"
_LCD501_PutPixel                                         833D      "C:\Users\»ÆÒ«ìÇ\Desktop\ex5_test2\Debug\SPLC501User.obj"
_LCD501_Line                                             8444      "C:\Users\»ÆÒ«ìÇ\Desktop\ex5_test2\Debug\SPLC501User.obj"
_LCD_PaintRed_Dot                                        85A9      "C:\Users\»ÆÒ«ìÇ\Desktop\ex5_test2\Debug\SPLC501User.obj"
_LCD501_Circle                                           8691      "C:\Users\»ÆÒ«ìÇ\Desktop\ex5_test2\Debug\SPLC501User.obj"
_LCD501_Rectangle                                        877D      "C:\Users\»ÆÒ«ìÇ\Desktop\ex5_test2\Debug\SPLC501User.obj"
_LCD501_Bitmap                                           8877      "C:\Users\»ÆÒ«ìÇ\Desktop\ex5_test2\Debug\SPLC501User.obj"
_LCD501_FontSet                                          8B4F      "C:\Users\»ÆÒ«ìÇ\Desktop\ex5_test2\Debug\SPLC501User.obj"
_LCD501_FontGet                                          8B64      "C:\Users\»ÆÒ«ìÇ\Desktop\ex5_test2\Debug\SPLC501User.obj"
_F_LCD_WASII                                             8B70      "C:\Users\»ÆÒ«ìÇ\Desktop\ex5_test2\Debug\SPLC501User.obj"
_LCD501_PutChar                                          8CA7      "C:\Users\»ÆÒ«ìÇ\Desktop\ex5_test2\Debug\SPLC501User.obj"
_LCD501_PutString                                        91D1      "C:\Users\»ÆÒ«ìÇ\Desktop\ex5_test2\Debug\SPLC501User.obj"
_CurPaintMode                                            5         "C:\Users\»ÆÒ«ìÇ\Desktop\ex5_test2\Debug\SPLC501User.obj"
_CurPowerMode                                            6         "C:\Users\»ÆÒ«ìÇ\Desktop\ex5_test2\Debug\SPLC501User.obj"
_CurLCDSet                                               7         "C:\Users\»ÆÒ«ìÇ\Desktop\ex5_test2\Debug\SPLC501User.obj"
_CurScroll                                               8         "C:\Users\»ÆÒ«ìÇ\Desktop\ex5_test2\Debug\SPLC501User.obj"
_CurScrMode                                              9         "C:\Users\»ÆÒ«ìÇ\Desktop\ex5_test2\Debug\SPLC501User.obj"
_CurASCIIFont                                            A         "C:\Users\»ÆÒ«ìÇ\Desktop\ex5_test2\Debug\SPLC501User.obj"
_Shift_Buff                                              B         "C:\Users\»ÆÒ«ìÇ\Desktop\ex5_test2\Debug\SPLC501User.obj"
_Shift_Data_buf                                          F         "C:\Users\»ÆÒ«ìÇ\Desktop\ex5_test2\Debug\SPLC501User.obj"
_Cover_Data_buf                                          13        "C:\Users\»ÆÒ«ìÇ\Desktop\ex5_test2\Debug\SPLC501User.obj"
_F_Data_Cover                                            9B8A      "C:\Users\»ÆÒ«ìÇ\Desktop\ex5_test2\Debug\DataOSforLCD.obj"
_F_Cover_Initial                                         9BFF      "C:\Users\»ÆÒ«ìÇ\Desktop\ex5_test2\Debug\DataOSforLCD.obj"
_W_Red_Err                                               9C30      "C:\Users\»ÆÒ«ìÇ\Desktop\ex5_test2\Debug\DataOSforLCD.obj"
_F_SPLC501_Initial_IO                                    925F      "C:\Users\»ÆÒ«ìÇ\Desktop\ex5_test2\Debug\SPLC501Driver_IO.obj"
_F_SPLC501_Write_Com                                     9286      "C:\Users\»ÆÒ«ìÇ\Desktop\ex5_test2\Debug\SPLC501Driver_IO.obj"
_F_SPLC501_Write_Data                                    92AE      "C:\Users\»ÆÒ«ìÇ\Desktop\ex5_test2\Debug\SPLC501Driver_IO.obj"
_F_SPLC501_Read_Data                                     92D5      "C:\Users\»ÆÒ«ìÇ\Desktop\ex5_test2\Debug\SPLC501Driver_IO.obj"
F_SPLC501_Read_Data                                      92D5      "C:\Users\»ÆÒ«ìÇ\Desktop\ex5_test2\Debug\SPLC501Driver_IO.obj"
_F_SPLC501_Read_Status                                   9306      "C:\Users\»ÆÒ«ìÇ\Desktop\ex5_test2\Debug\SPLC501Driver_IO.obj"
F_SPLC501_Read_Status                                    9306      "C:\Users\»ÆÒ«ìÇ\Desktop\ex5_test2\Debug\SPLC501Driver_IO.obj"
_Asii8                                                   9334      "C:\Users\»ÆÒ«ìÇ\Desktop\ex5_test2\Debug\SPLC501Driver_IO.obj"
_Asii16                                                  9454      "C:\Users\»ÆÒ«ìÇ\Desktop\ex5_test2\Debug\SPLC501Driver_IO.obj"
F_SP_RampUpDAC1                                          9AD2      "C:\Users\»ÆÒ«ìÇ\Desktop\ex5_test2\Debug\hardware.obj"
F_SP_RampDnDAC1                                          9AF6      "C:\Users\»ÆÒ«ìÇ\Desktop\ex5_test2\Debug\hardware.obj"
F_SP_RampUpDAC2                                          9B08      "C:\Users\»ÆÒ«ìÇ\Desktop\ex5_test2\Debug\hardware.obj"
F_SP_RampDnDAC2                                          9B2C      "C:\Users\»ÆÒ«ìÇ\Desktop\ex5_test2\Debug\hardware.obj"
_SP_RampUpDAC1                                           9AD2      "C:\Users\»ÆÒ«ìÇ\Desktop\ex5_test2\Debug\hardware.obj"
_SP_RampDnDAC1                                           9AF6      "C:\Users\»ÆÒ«ìÇ\Desktop\ex5_test2\Debug\hardware.obj"
_SP_RampUpDAC2                                           9B08      "C:\Users\»ÆÒ«ìÇ\Desktop\ex5_test2\Debug\hardware.obj"
_SP_RampDnDAC2                                           9B2C      "C:\Users\»ÆÒ«ìÇ\Desktop\ex5_test2\Debug\hardware.obj"
_SP_InitQueue                                            99AC      "C:\Users\»ÆÒ«ìÇ\Desktop\ex5_test2\Debug\hardware.obj"
_SP_InitQueue_A2000                                      99AC      "C:\Users\»ÆÒ«ìÇ\Desktop\ex5_test2\Debug\hardware.obj"
_SP_InitQueue_S480                                       99AC      "C:\Users\»ÆÒ«ìÇ\Desktop\ex5_test2\Debug\hardware.obj"
_SP_InitQueue_S240                                       99AC      "C:\Users\»ÆÒ«ìÇ\Desktop\ex5_test2\Debug\hardware.obj"
_SP_InitQueue_MS01                                       99AC      "C:\Users\»ÆÒ«ìÇ\Desktop\ex5_test2\Debug\hardware.obj"
_SP_InitQueue_DVR                                        99AC      "C:\Users\»ÆÒ«ìÇ\Desktop\ex5_test2\Debug\hardware.obj"
F_SP_InitQueue                                           99AC      "C:\Users\»ÆÒ«ìÇ\Desktop\ex5_test2\Debug\hardware.obj"
F_SP_InitQueue_A2000                                     99AC      "C:\Users\»ÆÒ«ìÇ\Desktop\ex5_test2\Debug\hardware.obj"
F_SP_InitQueue_S480                                      99AC      "C:\Users\»ÆÒ«ìÇ\Desktop\ex5_test2\Debug\hardware.obj"
F_SP_InitQueue_S240                                      99AC      "C:\Users\»ÆÒ«ìÇ\Desktop\ex5_test2\Debug\hardware.obj"
F_SP_InitQueue_MS01                                      99AC      "C:\Users\»ÆÒ«ìÇ\Desktop\ex5_test2\Debug\hardware.obj"
F_SP_InitQueue_DVR                                       99AC      "C:\Users\»ÆÒ«ìÇ\Desktop\ex5_test2\Debug\hardware.obj"
F_SP_ReadQueue                                           99B9      "C:\Users\»ÆÒ«ìÇ\Desktop\ex5_test2\Debug\hardware.obj"
F_SP_ReadQueue_A2000                                     99B9      "C:\Users\»ÆÒ«ìÇ\Desktop\ex5_test2\Debug\hardware.obj"
F_SP_ReadQueue_S480                                      99B9      "C:\Users\»ÆÒ«ìÇ\Desktop\ex5_test2\Debug\hardware.obj"
F_SP_ReadQueue_S240                                      99B9      "C:\Users\»ÆÒ«ìÇ\Desktop\ex5_test2\Debug\hardware.obj"
F_SP_ReadQueue_MS01                                      99B9      "C:\Users\»ÆÒ«ìÇ\Desktop\ex5_test2\Debug\hardware.obj"
F_SP_ReadQueue_DVR                                       99B9      "C:\Users\»ÆÒ«ìÇ\Desktop\ex5_test2\Debug\hardware.obj"
F_SP_ReadQueue_NIC                                       99CC      "C:\Users\»ÆÒ«ìÇ\Desktop\ex5_test2\Debug\hardware.obj"
F_SP_ReadQueue_NIC_A2000                                 99CC      "C:\Users\»ÆÒ«ìÇ\Desktop\ex5_test2\Debug\hardware.obj"
F_SP_ReadQueue_NIC_S480                                  99CC      "C:\Users\»ÆÒ«ìÇ\Desktop\ex5_test2\Debug\hardware.obj"
F_SP_ReadQueue_NIC_S240                                  99CC      "C:\Users\»ÆÒ«ìÇ\Desktop\ex5_test2\Debug\hardware.obj"
F_SP_ReadQueue_NIC_MS01                                  99CC      "C:\Users\»ÆÒ«ìÇ\Desktop\ex5_test2\Debug\hardware.obj"
F_SP_ReadQueue_NIC_DVR                                   99CC      "C:\Users\»ÆÒ«ìÇ\Desktop\ex5_test2\Debug\hardware.obj"
F_SP_WriteQueue                                          99D5      "C:\Users\»ÆÒ«ìÇ\Desktop\ex5_test2\Debug\hardware.obj"
F_SP_WriteQueue_A2000                                    99D5      "C:\Users\»ÆÒ«ìÇ\Desktop\ex5_test2\Debug\hardware.obj"
F_SP_WriteQueue_S480                                     99D5      "C:\Users\»ÆÒ«ìÇ\Desktop\ex5_test2\Debug\hardware.obj"
F_SP_WriteQueue_S240                                     99D5      "C:\Users\»ÆÒ«ìÇ\Desktop\ex5_test2\Debug\hardware.obj"
F_SP_WriteQueue_MS01                                     99D5      "C:\Users\»ÆÒ«ìÇ\Desktop\ex5_test2\Debug\hardware.obj"
F_SP_WriteQueue_DVR                                      99D5      "C:\Users\»ÆÒ«ìÇ\Desktop\ex5_test2\Debug\hardware.obj"
F_SP_TestQueue                                           99E4      "C:\Users\»ÆÒ«ìÇ\Desktop\ex5_test2\Debug\hardware.obj"
F_SP_TestQueue_A2000                                     99E4      "C:\Users\»ÆÒ«ìÇ\Desktop\ex5_test2\Debug\hardware.obj"
F_SP_TestQueue_S480                                      99E4      "C:\Users\»ÆÒ«ìÇ\Desktop\ex5_test2\Debug\hardware.obj"
F_SP_TestQueue_S240                                      99E4      "C:\Users\»ÆÒ«ìÇ\Desktop\ex5_test2\Debug\hardware.obj"
F_SP_TestQueue_MS01                                      99E4      "C:\Users\»ÆÒ«ìÇ\Desktop\ex5_test2\Debug\hardware.obj"
F_SP_TestQueue_DVR                                       99E4      "C:\Users\»ÆÒ«ìÇ\Desktop\ex5_test2\Debug\hardware.obj"
_SP_Export                                               9B6B      "C:\Users\»ÆÒ«ìÇ\Desktop\ex5_test2\Debug\hardware.obj"
_SP_Import                                               9B64      "C:\Users\»ÆÒ«ìÇ\Desktop\ex5_test2\Debug\hardware.obj"
_SP_Init_IOB                                             9B54      "C:\Users\»ÆÒ«ìÇ\Desktop\ex5_test2\Debug\hardware.obj"
_SP_Init_IOA                                             9B44      "C:\Users\»ÆÒ«ìÇ\Desktop\ex5_test2\Debug\hardware.obj"
_SP_GetResource                                          9B74      "C:\Users\»ÆÒ«ìÇ\Desktop\ex5_test2\Debug\hardware.obj"
F_SP_GetResource                                         9B82      "C:\Users\»ÆÒ«ìÇ\Desktop\ex5_test2\Debug\hardware.obj"
F_SP_SACM_A2000_Init_                                    99FD      "C:\Users\»ÆÒ«ìÇ\Desktop\ex5_test2\Debug\hardware.obj"
F_SP_SACM_S480_Init_                                     9A19      "C:\Users\»ÆÒ«ìÇ\Desktop\ex5_test2\Debug\hardware.obj"
F_SP_SACM_S240_Init_                                     9A34      "C:\Users\»ÆÒ«ìÇ\Desktop\ex5_test2\Debug\hardware.obj"
F_SP_SACM_MS01_Init_                                     9A4F      "C:\Users\»ÆÒ«ìÇ\Desktop\ex5_test2\Debug\hardware.obj"
F_SP_PlayMode0_                                          9A61      "C:\Users\»ÆÒ«ìÇ\Desktop\ex5_test2\Debug\hardware.obj"
F_SP_PlayMode1_                                          9A71      "C:\Users\»ÆÒ«ìÇ\Desktop\ex5_test2\Debug\hardware.obj"
F_SP_PlayMode2_                                          9A82      "C:\Users\»ÆÒ«ìÇ\Desktop\ex5_test2\Debug\hardware.obj"
F_SP_PlayMode3_                                          9A93      "C:\Users\»ÆÒ«ìÇ\Desktop\ex5_test2\Debug\hardware.obj"
F_SP_SACM_DVR_Init_                                      9AA4      "C:\Users\»ÆÒ«ìÇ\Desktop\ex5_test2\Debug\hardware.obj"
F_SP_SACM_DVR_Rec_Init_                                  9AC2      "C:\Users\»ÆÒ«ìÇ\Desktop\ex5_test2\Debug\hardware.obj"
F_SP_SACM_DVR_Play_Init_                                 9ACA      "C:\Users\»ÆÒ«ìÇ\Desktop\ex5_test2\Debug\hardware.obj"
R_InterruptStatus                                        17        "C:\Users\»ÆÒ«ìÇ\Desktop\ex5_test2\Debug\hardware.obj"
F_RampUpDAC1                                             9AD2      "C:\Users\»ÆÒ«ìÇ\Desktop\ex5_test2\Debug\hardware.obj"
F_RampDnDAC1                                             9AF6      "C:\Users\»ÆÒ«ìÇ\Desktop\ex5_test2\Debug\hardware.obj"
F_RampUpDAC2                                             9B08      "C:\Users\»ÆÒ«ìÇ\Desktop\ex5_test2\Debug\hardware.obj"
F_RampDnDAC2                                             9B2C      "C:\Users\»ÆÒ«ìÇ\Desktop\ex5_test2\Debug\hardware.obj"
_STD_RampUpDAC1                                          9AD2      "C:\Users\»ÆÒ«ìÇ\Desktop\ex5_test2\Debug\hardware.obj"
_STD_RampDnDAC1                                          9AF6      "C:\Users\»ÆÒ«ìÇ\Desktop\ex5_test2\Debug\hardware.obj"
_STD_RampUpDAC2                                          9B08      "C:\Users\»ÆÒ«ìÇ\Desktop\ex5_test2\Debug\hardware.obj"
_STD_RampDnDAC2                                          9B2C      "C:\Users\»ÆÒ«ìÇ\Desktop\ex5_test2\Debug\hardware.obj"
_main                                                    974C      "C:\Users\»ÆÒ«ìÇ\Desktop\ex5_test2\Debug\main.obj"
_coll                                                    9944      "C:\Users\»ÆÒ«ìÇ\Desktop\ex5_test2\Debug\main.obj"
_BMP_Play_IRQ_Service1                                   9976      "C:\Users\»ÆÒ«ìÇ\Desktop\ex5_test2\Debug\main.obj"
_BMP_Play_IRQ_Service2                                   9983      "C:\Users\»ÆÒ«ìÇ\Desktop\ex5_test2\Debug\main.obj"
_IRQ3                                                    8075      "C:\Users\»ÆÒ«ìÇ\Desktop\ex5_test2\Debug\main.obj"
_Delay                                                   9990      "C:\Users\»ÆÒ«ìÇ\Desktop\ex5_test2\Debug\main.obj"
_x                                                       AA        "C:\Users\»ÆÒ«ìÇ\Desktop\ex5_test2\Debug\main.obj"
_uiKey                                                   AB        "C:\Users\»ÆÒ«ìÇ\Desktop\ex5_test2\Debug\main.obj"
_IRQ1KHz_Couter                                          AC        "C:\Users\»ÆÒ«ìÇ\Desktop\ex5_test2\Debug\main.obj"
***********************************************************************************************************************************************************************************************************************************************************************************************************

***********************************************************************************************************************************************************************************************************************************************************************************************************
*                             S E C T I O N     S U M M A R Y                                                                                                                                                                                                                                             *
***********************************************************************************************************************************************************************************************************************************************************************************************************
*     Section Name                                       Startting Address   Ending Address      Size                                                                                                                                                                                                     *
***********************************************************************************************************************************************************************************************************************************************************************************************************
* "D:\cproject\startupcode\startupD.obj"                                                                                                                                                                                                                                                                  *
*    DEBUG                                               ----                ----                ----                                                                                                                                                                                                     *
*    CODE                                                ----                ----                ----                                                                                                                                                                                                     *
*    DATA                                                ----                ----                ----                                                                                                                                                                                                     *
*    TEXT                                                ----                ----                ----                                                                                                                                                                                                     *
*    IRAM                                                ----                ----                ----                                                                                                                                                                                                     *
*    ISRAM                                               ----                ----                ----                                                                                                                                                                                                     *
*    RAM                                                 ----                ----                ----                                                                                                                                                                                                     *
*    SRAM                                                ----                ----                ----                                                                                                                                                                                                     *
*    ORAM                                                ----                ----                ----                                                                                                                                                                                                     *
*    OSRAM                                               ----                ----                ----                                                                                                                                                                                                     *
*    NB_DATA                                             ----                ----                ----                                                                                                                                                                                                     *
*    CTOR                                                ----                ----                ----                                                                                                                                                                                                     *
*    DTOR                                                ----                ----                ----                                                                                                                                                                                                     *
*    IM                                                  ----                ----                ----                                                                                                                                                                                                     *
*    LINKONCE                                            ----                ----                ----                                                                                                                                                                                                     *
*    VTBL                                                ----                ----                ----                                                                                                                                                                                                     *
*    NB_MERGE                                            ----                ----                ----                                                                                                                                                                                                     *
*    unSP_StartUp(TEXT)                                  8009                8025                1D                                                                                                                                                                                                       *
* "C:\Users\»ÆÒ«ìÇ\Desktop\ex5_test2\Debug\Resource.obj"                                                                                                                                                                                                                                                  *
*    DEBUG                                               ----                ----                ----                                                                                                                                                                                                     *
*    CODE                                                ----                ----                ----                                                                                                                                                                                                     *
*    DATA                                                ----                ----                ----                                                                                                                                                                                                     *
*    TEXT                                                ----                ----                ----                                                                                                                                                                                                     *
*    IRAM                                                ----                ----                ----                                                                                                                                                                                                     *
*    ISRAM                                               ----                ----                ----                                                                                                                                                                                                     *
*    RAM                                                 ----                ----                ----                                                                                                                                                                                                     *
*    SRAM                                                ----                ----                ----                                                                                                                                                                                                     *
*    ORAM                                                ----                ----                ----                                                                                                                                                                                                     *
*    OSRAM                                               ----                ----                ----                                                                                                                                                                                                     *
*    NB_DATA                                             ----                ----                ----                                                                                                                                                                                                     *
*    CTOR                                                ----                ----                ----                                                                                                                                                                                                     *
*    DTOR                                                ----                ----                ----                                                                                                                                                                                                     *
*    IM                                                  ----                ----                ----                                                                                                                                                                                                     *
*    LINKONCE                                            ----                ----                ----                                                                                                                                                                                                     *
*    VTBL                                                ----                ----                ----                                                                                                                                                                                                     *
*    NB_MERGE                                            ----                ----                ----                                                                                                                                                                                                     *
*    RAM_BANK0                                           ----                ----                ----                                                                                                                                                                                                     *
*    IRAM_BANK0                                          ----                ----                ----                                                                                                                                                                                                     *
*    ORAM_BANK0                                          ----                ----                ----                                                                                                                                                                                                     *
* "C:\Users\»ÆÒ«ìÇ\Desktop\ex5_test2\Debug\Chinese_Table.obj"                                                                                                                                                                                                                                             *
*    DEBUG                                               ----                ----                ----                                                                                                                                                                                                     *
*    CODE                                                ----                ----                ----                                                                                                                                                                                                     *
*    DATA                                                ----                ----                ----                                                                                                                                                                                                     *
*    TEXT                                                8026                8069                44                                                                                                                                                                                                       *
*    IRAM                                                ----                ----                ----                                                                                                                                                                                                     *
*    ISRAM                                               ----                ----                ----                                                                                                                                                                                                     *
*    RAM                                                 ----                ----                ----                                                                                                                                                                                                     *
*    SRAM                                                ----                ----                ----                                                                                                                                                                                                     *
*    ORAM                                                ----                ----                ----                                                                                                                                                                                                     *
*    OSRAM                                               ----                ----                ----                                                                                                                                                                                                     *
*    NB_DATA                                             ----                ----                ----                                                                                                                                                                                                     *
*    CTOR                                                ----                ----                ----                                                                                                                                                                                                     *
*    DTOR                                                ----                ----                ----                                                                                                                                                                                                     *
*    IM                                                  ----                ----                ----                                                                                                                                                                                                     *
*    LINKONCE                                            ----                ----                ----                                                                                                                                                                                                     *
*    VTBL                                                ----                ----                ----                                                                                                                                                                                                     *
*    NB_MERGE                                            ----                ----                ----                                                                                                                                                                                                     *
*    RAM_BANK0                                           ----                ----                ----                                                                                                                                                                                                     *
*    IRAM_BANK0                                          ----                ----                ----                                                                                                                                                                                                     *
*    ORAM_BANK0                                          ----                ----                ----                                                                                                                                                                                                     *
* "C:\Users\»ÆÒ«ìÇ\Desktop\ex5_test2\Debug\SPLC501User.obj"                                                                                                                                                                                                                                               *
*    DEBUG                                               ----                ----                ----                                                                                                                                                                                                     *
*    CODE                                                80AB                925E                11B4                                                                                                                                                                                                     *
*    DATA                                                ----                ----                ----                                                                                                                                                                                                     *
*    TEXT                                                ----                ----                ----                                                                                                                                                                                                     *
*    IRAM                                                9C94(5)             9CA5(16)            12                                                                                                                                                                                                       *
*    ISRAM                                               ----                ----                ----                                                                                                                                                                                                     *
*    RAM                                                 ----                ----                ----                                                                                                                                                                                                     *
*    SRAM                                                ----                ----                ----                                                                                                                                                                                                     *
*    ORAM                                                ----                ----                ----                                                                                                                                                                                                     *
*    OSRAM                                               ----                ----                ----                                                                                                                                                                                                     *
*    NB_DATA                                             ----                ----                ----                                                                                                                                                                                                     *
*    CTOR                                                ----                ----                ----                                                                                                                                                                                                     *
*    DTOR                                                ----                ----                ----                                                                                                                                                                                                     *
*    IM                                                  ----                ----                ----                                                                                                                                                                                                     *
*    LINKONCE                                            ----                ----                ----                                                                                                                                                                                                     *
*    VTBL                                                ----                ----                ----                                                                                                                                                                                                     *
*    NB_MERGE                                            ----                ----                ----                                                                                                                                                                                                     *
*    RAM_BANK0                                           ----                ----                ----                                                                                                                                                                                                     *
*    IRAM_BANK0                                          ----                ----                ----                                                                                                                                                                                                     *
*    ORAM_BANK0                                          ----                ----                ----                                                                                                                                                                                                     *
* "C:\Users\»ÆÒ«ìÇ\Desktop\ex5_test2\Debug\DataOSforLCD.obj"                                                                                                                                                                                                                                              *
*    DEBUG                                               ----                ----                ----                                                                                                                                                                                                     *
*    CODE                                                9B8A                9C4F                C6                                                                                                                                                                                                       *
*    DATA                                                ----                ----                ----                                                                                                                                                                                                     *
*    TEXT                                                ----                ----                ----                                                                                                                                                                                                     *
*    IRAM                                                ----                ----                ----                                                                                                                                                                                                     *
*    ISRAM                                               ----                ----                ----                                                                                                                                                                                                     *
*    RAM                                                 1                   4                   4                                                                                                                                                                                                        *
*    SRAM                                                ----                ----                ----                                                                                                                                                                                                     *
*    ORAM                                                ----                ----                ----                                                                                                                                                                                                     *
*    OSRAM                                               ----                ----                ----                                                                                                                                                                                                     *
*    NB_DATA                                             ----                ----                ----                                                                                                                                                                                                     *
*    CTOR                                                ----                ----                ----                                                                                                                                                                                                     *
*    DTOR                                                ----                ----                ----                                                                                                                                                                                                     *
*    IM                                                  ----                ----                ----                                                                                                                                                                                                     *
*    LINKONCE                                            ----                ----                ----                                                                                                                                                                                                     *
*    VTBL                                                ----                ----                ----                                                                                                                                                                                                     *
*    NB_MERGE                                            ----                ----                ----                                                                                                                                                                                                     *
*    RAM_BANK0                                           ----                ----                ----                                                                                                                                                                                                     *
*    IRAM_BANK0                                          ----                ----                ----                                                                                                                                                                                                     *
*    ORAM_BANK0                                          ----                ----                ----                                                                                                                                                                                                     *
* "C:\Users\»ÆÒ«ìÇ\Desktop\ex5_test2\Debug\SPLC501Driver_IO.obj"                                                                                                                                                                                                                                          *
*    DEBUG                                               ----                ----                ----                                                                                                                                                                                                     *
*    CODE                                                925F                974B                4ED                                                                                                                                                                                                      *
*    DATA                                                ----                ----                ----                                                                                                                                                                                                     *
*    TEXT                                                ----                ----                ----                                                                                                                                                                                                     *
*    IRAM                                                ----                ----                ----                                                                                                                                                                                                     *
*    ISRAM                                               ----                ----                ----                                                                                                                                                                                                     *
*    RAM                                                 ----                ----                ----                                                                                                                                                                                                     *
*    SRAM                                                ----                ----                ----                                                                                                                                                                                                     *
*    ORAM                                                ----                ----                ----                                                                                                                                                                                                     *
*    OSRAM                                               ----                ----                ----                                                                                                                                                                                                     *
*    NB_DATA                                             ----                ----                ----                                                                                                                                                                                                     *
*    CTOR                                                ----                ----                ----                                                                                                                                                                                                     *
*    DTOR                                                ----                ----                ----                                                                                                                                                                                                     *
*    IM                                                  ----                ----                ----                                                                                                                                                                                                     *
*    LINKONCE                                            ----                ----                ----                                                                                                                                                                                                     *
*    VTBL                                                ----                ----                ----                                                                                                                                                                                                     *
*    NB_MERGE                                            ----                ----                ----                                                                                                                                                                                                     *
*    RAM_BANK0                                           ----                ----                ----                                                                                                                                                                                                     *
*    IRAM_BANK0                                          ----                ----                ----                                                                                                                                                                                                     *
*    ORAM_BANK0                                          ----                ----                ----                                                                                                                                                                                                     *
* "C:\Users\»ÆÒ«ìÇ\Desktop\ex5_test2\Debug\hardware.obj"                                                                                                                                                                                                                                                  *
*    DEBUG                                               ----                ----                ----                                                                                                                                                                                                     *
*    CODE                                                99AC                9B89                1DE                                                                                                                                                                                                      *
*    DATA                                                ----                ----                ----                                                                                                                                                                                                     *
*    TEXT                                                ----                ----                ----                                                                                                                                                                                                     *
*    IRAM                                                9CA6(17)            9D38(A9)            93                                                                                                                                                                                                       *
*    ISRAM                                               ----                ----                ----                                                                                                                                                                                                     *
*    RAM                                                 ----                ----                ----                                                                                                                                                                                                     *
*    SRAM                                                ----                ----                ----                                                                                                                                                                                                     *
*    ORAM                                                ----                ----                ----                                                                                                                                                                                                     *
*    OSRAM                                               ----                ----                ----                                                                                                                                                                                                     *
*    NB_DATA                                             ----                ----                ----                                                                                                                                                                                                     *
*    CTOR                                                ----                ----                ----                                                                                                                                                                                                     *
*    DTOR                                                ----                ----                ----                                                                                                                                                                                                     *
*    IM                                                  ----                ----                ----                                                                                                                                                                                                     *
*    LINKONCE                                            ----                ----                ----                                                                                                                                                                                                     *
*    VTBL                                                ----                ----                ----                                                                                                                                                                                                     *
*    NB_MERGE                                            ----                ----                ----                                                                                                                                                                                                     *
*    RAM_BANK0                                           ----                ----                ----                                                                                                                                                                                                     *
*    IRAM_BANK0                                          ----                ----                ----                                                                                                                                                                                                     *
*    ORAM_BANK0                                          ----                ----                ----                                                                                                                                                                                                     *
* "C:\Users\»ÆÒ«ìÇ\Desktop\ex5_test2\Debug\main.obj"                                                                                                                                                                                                                                                      *
*    DEBUG                                               ----                ----                ----                                                                                                                                                                                                     *
*    CODE                                                974C                99AB                260                                                                                                                                                                                                      *
*    DATA                                                ----                ----                ----                                                                                                                                                                                                     *
*    TEXT                                                806A                80AA                41                                                                                                                                                                                                       *
*    IRAM                                                9D39(AA)            9D3B(AC)            3                                                                                                                                                                                                        *
*    ISRAM                                               ----                ----                ----                                                                                                                                                                                                     *
*    RAM                                                 ----                ----                ----                                                                                                                                                                                                     *
*    SRAM                                                ----                ----                ----                                                                                                                                                                                                     *
*    ORAM                                                ----                ----                ----                                                                                                                                                                                                     *
*    OSRAM                                               ----                ----                ----                                                                                                                                                                                                     *
*    NB_DATA                                             ----                ----                ----                                                                                                                                                                                                     *
*    CTOR                                                ----                ----                ----                                                                                                                                                                                                     *
*    DTOR                                                ----                ----                ----                                                                                                                                                                                                     *
*    IM                                                  ----                ----                ----                                                                                                                                                                                                     *
*    LINKONCE                                            ----                ----                ----                                                                                                                                                                                                     *
*    VTBL                                                ----                ----                ----                                                                                                                                                                                                     *
*    NB_MERGE                                            ----                ----                ----                                                                                                                                                                                                     *
*    RAM_BANK0                                           ----                ----                ----                                                                                                                                                                                                     *
*    IRAM_BANK0                                          ----                ----                ----                                                                                                                                                                                                     *
*    ORAM_BANK0                                          ----                ----                ----                                                                                                                                                                                                     *
* "./lshiu1" "CMacro1016.lib"                                                                                                                                                                                                                                                                             *
*    DEBUG                                               ----                ----                ----                                                                                                                                                                                                     *
*    CODE                                                9C50                9C71                22                                                                                                                                                                                                       *
*    DATA                                                ----                ----                ----                                                                                                                                                                                                     *
*    TEXT                                                ----                ----                ----                                                                                                                                                                                                     *
*    IRAM                                                ----                ----                ----                                                                                                                                                                                                     *
*    ISRAM                                               ----                ----                ----                                                                                                                                                                                                     *
*    RAM                                                 ----                ----                ----                                                                                                                                                                                                     *
*    SRAM                                                ----                ----                ----                                                                                                                                                                                                     *
*    ORAM                                                ----                ----                ----                                                                                                                                                                                                     *
*    OSRAM                                               ----                ----                ----                                                                                                                                                                                                     *
*    NB_DATA                                             ----                ----                ----                                                                                                                                                                                                     *
*    CTOR                                                ----                ----                ----                                                                                                                                                                                                     *
*    DTOR                                                ----                ----                ----                                                                                                                                                                                                     *
*    IM                                                  ----                ----                ----                                                                                                                                                                                                     *
*    LINKONCE                                            ----                ----                ----                                                                                                                                                                                                     *
*    VTBL                                                ----                ----                ----                                                                                                                                                                                                     *
*    NB_MERGE                                            ----                ----                ----                                                                                                                                                                                                     *
*    RAM_BANK0                                           ----                ----                ----                                                                                                                                                                                                     *
*    IRAM_BANK0                                          ----                ----                ----                                                                                                                                                                                                     *
*    ORAM_BANK0                                          ----                ----                ----                                                                                                                                                                                                     *
* "./rshu1" "CMacro1016.lib"                                                                                                                                                                                                                                                                              *
*    DEBUG                                               ----                ----                ----                                                                                                                                                                                                     *
*    CODE                                                9C72                9C93                22                                                                                                                                                                                                       *
*    DATA                                                ----                ----                ----                                                                                                                                                                                                     *
*    TEXT                                                ----                ----                ----                                                                                                                                                                                                     *
*    IRAM                                                ----                ----                ----                                                                                                                                                                                                     *
*    ISRAM                                               ----                ----                ----                                                                                                                                                                                                     *
*    RAM                                                 ----                ----                ----                                                                                                                                                                                                     *
*    SRAM                                                ----                ----                ----                                                                                                                                                                                                     *
*    ORAM                                                ----                ----                ----                                                                                                                                                                                                     *
*    OSRAM                                               ----                ----                ----                                                                                                                                                                                                     *
*    NB_DATA                                             ----                ----                ----                                                                                                                                                                                                     *
*    CTOR                                                ----                ----                ----                                                                                                                                                                                                     *
*    DTOR                                                ----                ----                ----                                                                                                                                                                                                     *
*    IM                                                  ----                ----                ----                                                                                                                                                                                                     *
*    LINKONCE                                            ----                ----                ----                                                                                                                                                                                                     *
*    VTBL                                                ----                ----                ----                                                                                                                                                                                                     *
*    NB_MERGE                                            ----                ----                ----                                                                                                                                                                                                     *
*    RAM_BANK0                                           ----                ----                ----                                                                                                                                                                                                     *
*    IRAM_BANK0                                          ----                ----                ----                                                                                                                                                                                                     *
*    ORAM_BANK0                                          ----                ----                ----                                                                                                                                                                                                     *
* "Init Table"                                           8000                8008                9                                                                                                                                                                                                        *
***********************************************************************************************************************************************************************************************************************************************************************************************************

***********************************************************************************************************************************************************************************************************************************************************************************************************
*                             M E M O R Y     S U M M A R Y                                                                                                                                                                                                                                               *
***********************************************************************************************************************************************************************************************************************************************************************************************************
*     Type                          Total               Using        Remain                                                                                                                                                                                                                               *
***********************************************************************************************************************************************************************************************************************************************************************************************************
* "SRam/OSRam/ISRam"                40                   0            40                                                                                                                                                                                                                                  *
* "Ram"                             800                  AD           753                                                                                                                                                                                                                                 *
* "First Bank Rom"                  7C00                 1D3C         5EC4                                                                                                                                                                                                                                *
* "Other Banks Rom"                 0                    0            0                                                                                                                                                                                                                                   *
***********************************************************************************************************************************************************************************************************************************************************************************************************

Linker Output Filename : C:\Users\»ÆÒ«ìÇ\Desktop\ex5_test2\Debug\ex5_LCD501_Ellipse.S37
Disk  Mapping Filename : C:\Users\»ÆÒ«ìÇ\Desktop\ex5_test2\Debug\ex5_LCD501_Ellipse.map
Symbol  Table FileName : C:\Users\»ÆÒ«ìÇ\Desktop\ex5_test2\Debug\ex5_LCD501_Ellipse.sym
Format :                 Microtek

Linker Errors :          0
Output Format :          S37
